
Memory Configuration

Name             Origin             Length             Attributes
FLASH            0x0000000000000000 0x0000000004000000 xr
*default*        0x0000000000000000 0xffffffffffffffff

Linker script and memory map

                0x0000000000010000                . = 0x10000

.startup        0x0000000000010000       0x10
 startup.o(.text)
 .text          0x0000000000010000       0x10 startup.o
                0x0000000000010000                reset_handler

.text           0x0000000000010010       0x74
 *(.text)
 .text          0x0000000000010010       0x18 main.o
                0x0000000000010010                main
 .text          0x0000000000010028       0x5c uart.o
                0x0000000000010028                uart_send_str

.glue_7         0x0000000000010084        0x0
 .glue_7        0x0000000000010084        0x0 linker stubs

.glue_7t        0x0000000000010084        0x0
 .glue_7t       0x0000000000010084        0x0 linker stubs

.vfp11_veneer   0x0000000000010084        0x0
 .vfp11_veneer  0x0000000000010084        0x0 linker stubs

.v4_bx          0x0000000000010084        0x0
 .v4_bx         0x0000000000010084        0x0 linker stubs

.iplt           0x0000000000010084        0x0
 .iplt          0x0000000000010084        0x0 startup.o

.rel.dyn        0x0000000000010084        0x0
 .rel.iplt      0x0000000000010084        0x0 startup.o

.data           0x0000000000010084       0x1e
 *(.data)
 .data          0x0000000000010084        0x0 startup.o
 .data          0x0000000000010084       0x1e main.o
                0x0000000000010084                buff
 .data          0x00000000000100a2        0x0 uart.o

.igot.plt       0x00000000000100a4        0x0
 .igot.plt      0x00000000000100a4        0x0 startup.o

.bss            0x00000000000100a2        0x0
 *(.bss)
 .bss           0x00000000000100a2        0x0 startup.o
 .bss           0x00000000000100a2        0x0 main.o
 .bss           0x00000000000100a2        0x0 uart.o
                0x00000000000200a2                . = (. + 0x10000)
                0x00000000000200a2                __STACK_TOP_ = .
LOAD startup.o
LOAD main.o
LOAD uart.o
OUTPUT(main.elf elf32-littlearm)
LOAD linker stubs

.ARM.attributes
                0x0000000000000000       0x2e
 .ARM.attributes
                0x0000000000000000       0x22 startup.o
 .ARM.attributes
                0x0000000000000022       0x2c main.o
 .ARM.attributes
                0x000000000000004e       0x2c uart.o

.comment        0x0000000000000000       0x59
 .comment       0x0000000000000000       0x59 main.o
                                         0x5a (size before relaxing)
 .comment       0x0000000000000059       0x5a uart.o
